Copyright 1986-2022 Xilinx, Inc. All Rights Reserved. Copyright 2022-2023 Advanced Micro Devices, Inc. All Rights Reserved.
---------------------------------------------------------------------------------------------------------------------------------------------
| Tool Version : Vivado v.2023.1 (win64) Build 3865809 Sun May  7 15:05:29 MDT 2023
| Date         : Mon Apr 14 16:36:07 2025
| Host         : DESKTOP-J4VS4UH running 64-bit major release  (build 9200)
| Command      : report_control_sets -verbose -file uartWencode_control_sets_placed.rpt
| Design       : uartWencode
| Device       : xc7s25
---------------------------------------------------------------------------------------------------------------------------------------------

Control Set Information

Table of Contents
-----------------
1. Summary
2. Histogram
3. Flip-Flop Distribution
4. Detailed Control Set Information

1. Summary
----------

+----------------------------------------------------------+-------+
|                          Status                          | Count |
+----------------------------------------------------------+-------+
| Total control sets                                       |     9 |
|    Minimum number of control sets                        |     9 |
|    Addition due to synthesis replication                 |     0 |
|    Addition due to physical synthesis replication        |     0 |
| Unused register locations in slices containing registers |    33 |
+----------------------------------------------------------+-------+
* Control sets can be merged at opt_design using control_set_merge or merge_equivalent_drivers
** Run report_qor_suggestions for automated merging and remapping suggestions


2. Histogram
------------

+--------------------+-------+
|       Fanout       | Count |
+--------------------+-------+
| Total control sets |     9 |
| >= 0 to < 4        |     0 |
| >= 4 to < 6        |     2 |
| >= 6 to < 8        |     2 |
| >= 8 to < 10       |     2 |
| >= 10 to < 12      |     0 |
| >= 12 to < 14      |     0 |
| >= 14 to < 16      |     1 |
| >= 16              |     2 |
+--------------------+-------+
* Control sets can be remapped at either synth_design or opt_design


3. Flip-Flop Distribution
-------------------------

+--------------+-----------------------+------------------------+-----------------+--------------+
| Clock Enable | Synchronous Set/Reset | Asynchronous Set/Reset | Total Registers | Total Slices |
+--------------+-----------------------+------------------------+-----------------+--------------+
| No           | No                    | No                     |               0 |            0 |
| No           | No                    | Yes                    |              14 |            4 |
| No           | Yes                   | No                     |               0 |            0 |
| Yes          | No                    | No                     |               0 |            0 |
| Yes          | No                    | Yes                    |              73 |           20 |
| Yes          | Yes                   | No                     |               0 |            0 |
+--------------+-----------------------+------------------------+-----------------+--------------+


4. Detailed Control Set Information
-----------------------------------

+----------------------+----------------------------------------+------------------+------------------+----------------+--------------+
|     Clock Signal     |              Enable Signal             | Set/Reset Signal | Slice Load Count | Bel Load Count | Bels / Slice |
+----------------------+----------------------------------------+------------------+------------------+----------------+--------------+
|  CLK100MHZ_IBUF_BUFG | TransmitReceive/SW[1][0]               | BTN0_IBUF        |                1 |              4 |         4.00 |
|  CLK100MHZ_IBUF_BUFG | TransmitReceive/SW[0][0]               | BTN0_IBUF        |                2 |              5 |         2.50 |
|  CLK100MHZ_IBUF_BUFG | sTxData                                | BTN0_IBUF        |                1 |              6 |         6.00 |
|  CLK100MHZ_IBUF_BUFG | TransmitReceive/E[0]                   | BTN0_IBUF        |                2 |              7 |         3.50 |
|  CLK100MHZ_IBUF_BUFG | TransmitReceive/RxShiftReg0            | BTN0_IBUF        |                2 |              8 |         4.00 |
|  CLK100MHZ_IBUF_BUFG | TransmitReceive/TxShiftReg[8]_i_1_n_0  | BTN0_IBUF        |                2 |              9 |         4.50 |
|  CLK100MHZ_IBUF_BUFG |                                        | BTN0_IBUF        |                4 |             14 |         3.50 |
|  CLK100MHZ_IBUF_BUFG | TransmitReceive/RxBaudCount[0]_i_1_n_0 | BTN0_IBUF        |                5 |             17 |         3.40 |
|  CLK100MHZ_IBUF_BUFG | TransmitReceive/TxBaudCount[0]_i_1_n_0 | BTN0_IBUF        |                5 |             17 |         3.40 |
+----------------------+----------------------------------------+------------------+------------------+----------------+--------------+


